2026-05-29 12:11:02,596 | INFO     | config | model = dummy
2026-05-29 12:11:02,596 | INFO     | config | batch_size = 4
2026-05-29 12:11:02,596 | INFO     | config | seed = 42
2026-05-29 12:11:02,596 | INFO     | [step=0] dummy_metric = 0.95
2026-05-29 12:11:02,596 | INFO     | artifact | type=test | path=/path/to/artifact
2026-05-29 14:12:49,280 | INFO     | config | model = dummy
2026-05-29 14:12:49,280 | INFO     | config | batch_size = 4
2026-05-29 14:12:49,280 | INFO     | config | seed = 42
2026-05-29 14:12:49,280 | INFO     | [step=0] dummy_metric = 0.95
2026-05-29 14:12:49,280 | INFO     | artifact | type=test | path=/path/to/artifact
2026-05-29 14:34:24,337 | INFO     | config | model = dummy
2026-05-29 14:34:24,337 | INFO     | config | batch_size = 4
2026-05-29 14:34:24,337 | INFO     | config | seed = 42
2026-05-29 14:34:24,337 | INFO     | [step=0] dummy_metric = 0.95
2026-05-29 14:34:24,337 | INFO     | artifact | type=test | path=/path/to/artifact
2026-06-06 16:16:18,571 | INFO     | config | model = dummy
2026-06-06 16:16:18,571 | INFO     | config | batch_size = 4
2026-06-06 16:16:18,571 | INFO     | config | seed = 42
2026-06-06 16:16:18,571 | INFO     | [step=0] dummy_metric = 0.95
2026-06-06 16:16:18,571 | INFO     | artifact | type=test | path=/path/to/artifact
2026-06-06 16:44:48,286 | INFO     | config | model = dummy
2026-06-06 16:44:48,286 | INFO     | config | batch_size = 4
2026-06-06 16:44:48,286 | INFO     | config | seed = 42
2026-06-06 16:44:48,286 | INFO     | [step=0] dummy_metric = 0.95
2026-06-06 16:44:48,286 | INFO     | artifact | type=test | path=/path/to/artifact
