
==========================================
  STARTING: roberta_val
  Sat May 30 05:04:03 PM WEST 2026
==========================================
  FINISHED: roberta_val (exit code 0) at Sat May 30 05:07:00 PM WEST 2026

==========================================
  STARTING: roberta_train
  Sat May 30 05:07:00 PM WEST 2026
==========================================
  FINISHED: roberta_train (exit code 0) at Sat May 30 05:13:48 PM WEST 2026

==========================================
  STARTING: vit_val
  Sat May 30 05:13:48 PM WEST 2026
==========================================
  FINISHED: vit_val (exit code 0) at Sat May 30 05:23:05 PM WEST 2026

==========================================
  STARTING: vit_train
  Sat May 30 05:23:05 PM WEST 2026
==========================================
  FINISHED: vit_train (exit code 0) at Sat May 30 05:45:39 PM WEST 2026

==========================================
  ALL EXTRACTIONS COMPLETE
  Sat May 30 05:45:39 PM WEST 2026
==========================================
